// Vitest Snapshot v1, https://vitest.dev/guide/snapshot.html

exports[`encode/decode with superjson 1`] = `
Array [
  Object {
    "json": Object {
      "0": Array [
        Array [
          0,
        ],
        Array [
          null,
          0,
          0,
        ],
      ],
      "1": Array [
        Array [
          0,
        ],
        Array [
          null,
          0,
          1,
        ],
      ],
    },
  },
  Object {
    "json": Array [
      0,
      1,
      Array [
        Array [
          Object {
            "deferred": 0,
            "foo": Object {
              "bar": Object {
                "baz": "qux",
              },
            },
          },
        ],
        Array [
          "deferred",
          0,
          2,
        ],
      ],
    ],
  },
  Object {
    "json": Array [
      1,
      1,
      Array [
        Array [
          0,
        ],
        Array [
          null,
          1,
          3,
        ],
      ],
    ],
  },
  Object {
    "json": Array [
      2,
      1,
      Array [
        Array [
          42,
        ],
      ],
    ],
  },
  Object {
    "json": Array [
      3,
      1,
      Array [
        Array [
          1,
        ],
      ],
    ],
  },
  Object {
    "json": Array [
      3,
      1,
      Array [
        Array [
          2,
        ],
      ],
    ],
  },
  Object {
    "json": Array [
      3,
      1,
      Array [
        Array [
          3,
        ],
      ],
    ],
  },
  Object {
    "json": Array [
      3,
      2,
      Array [
        Array [],
      ],
    ],
  },
]
`;
